// Jest Snapshot v1, https://goo.gl/fbAQLP

exports[`Tests for Gif Grid component should show the component properly 1`] = `
<article>
  <h3
    className="animate__animated animate__fadeInLeft"
  >
    Hola mundo
     
    <small>
      "Cargando..."
    </small>
  </h3>
  <div
    className="gifs-grid"
  />
</article>
`;
